// Vitest Snapshot v1, https://vitest.dev/guide/snapshot.html

exports[`published API surface (value exports per subpath) > matches the frozen snapshot — an added/removed/renamed export must be intentional 1`] = `
{
  ".": [
    "ActionError",
    "ClientError",
    "NonSerializableMetadataError",
    "NotImplementedError",
    "SOURCE_META_KEYS",
    "asCorrelationId",
    "asEventName",
    "asEventSourceName",
    "asInvocationId",
    "asJobName",
    "asPluginName",
    "assertSerializableMetadata",
    "createEventKit",
    "defineEvent",
    "getNonSerializableLabel",
    "isClientError",
    "job",
    "replaceCircularReferences",
    "serializeError",
    "serializeOutput",
    "stripNonSerializable",
  ],
  "./core": [
    "ActionError",
    "ClientError",
    "NonSerializableMetadataError",
    "NotImplementedError",
    "SOURCE_META_KEYS",
    "asCorrelationId",
    "asEventName",
    "asEventSourceName",
    "asInvocationId",
    "asJobName",
    "asPluginName",
    "assertSerializableMetadata",
    "defineEvent",
    "getNonSerializableLabel",
    "isClientError",
    "job",
    "replaceCircularReferences",
    "serializeError",
    "serializeOutput",
    "stripNonSerializable",
  ],
  "./flow": [
    "describeKit",
    "flowNodeId",
    "toFlowGraph",
    "toFlowMermaid",
    "toFlowYaml",
    "toYaml",
  ],
  "./platforms": [
    "lambdaPlatform",
    "netlifyBackgroundPlatform",
    "netlifyPlatform",
    "netlifyV2Platform",
  ],
  "./plugins": [
    "batch",
    "correlationResolver",
    "createTokenCodec",
    "grafana",
    "graphqlSink",
    "loopGuard",
    "observability",
    "sentry",
  ],
  "./plugins/batch": [
    "batch",
  ],
  "./plugins/correlation-resolver": [
    "correlationResolver",
  ],
  "./plugins/loop-guard": [
    "createTokenCodec",
    "loopGuard",
  ],
  "./plugins/observability": [
    "graphqlSink",
    "observability",
  ],
  "./plugins/observability/graphql-sink": [
    "graphqlSink",
  ],
  "./plugins/transports/grafana": [
    "grafana",
  ],
  "./plugins/transports/sentry": [
    "sentry",
  ],
  "./sources": [
    "columnAdded",
    "columnChanged",
    "columnRemoved",
    "getNewRow",
    "getOldRow",
    "getOperation",
    "getSession",
    "hasuraAction",
    "hasuraCron",
    "hasuraEvent",
    "hasuraPassphrase",
    "hmacVerify",
    "sharedSecret",
    "staticHeaderToken",
    "webhook",
  ],
  "./sources/hasura": [
    "columnAdded",
    "columnChanged",
    "columnRemoved",
    "getNewRow",
    "getOldRow",
    "getOperation",
    "getSession",
    "hasuraAction",
    "hasuraCron",
    "hasuraEvent",
  ],
  "./sources/webhook": [
    "hasuraPassphrase",
    "hmacVerify",
    "sharedSecret",
    "staticHeaderToken",
    "webhook",
  ],
  "./testing": [
    "assertEventNamesMatchFilenames",
    "assertObservedWithinFlow",
    "buildDetectorContextFor",
    "buildHandlerContextFor",
    "capturedLogger",
    "defineFakeEvent",
    "detectorContract",
    "expectFlow",
    "fakeSource",
    "findEventNameMismatches",
    "hasuraActionPayload",
    "hasuraCronPayload",
    "hasuraDelete",
    "hasuraInsert",
    "hasuraManualEdit",
    "hasuraUpdate",
    "isWebhookRequest",
    "memoryBatchStore",
    "memorySink",
    "observedFlowNodes",
    "recordingPlugin",
    "simulateChain",
    "testInvocation",
    "webhookRequest",
  ],
}
`;
